INFO:root:this is my line of execution 
INFO:root:this is my line of execution 
ERROR:root:this is my error
CRITICAL:root:this is my critical
WARNING:root:this is my warning 
INFO:root:this is my line of execution 
INFO:root:this is my line of execution 
ERROR:root:this is my error
CRITICAL:root:this is my critical
WARNING:root:this is my warning 
INFO:root:this is my line of execution 
INFO:root:this is my line of execution 
ERROR:root:this is my error
CRITICAL:root:this is my critical
WARNING:root:this is my warning 
INFO:root:this is my line of execution 
INFO:root:this is my line of execution 
ERROR:root:this is my error
CRITICAL:root:this is my critical
WARNING:root:this is my warning 
